// Vitest Snapshot v1

exports[`PokemonOptions Component > debe de hacer match con el snapshot 1`] = `
"<div class=\\"options-container\\">
  <ul>
    <li>bulbasaur</li>
    <li>ivysaur</li>
    <li>venusaur</li>
    <li>charmander</li>
  </ul>
</div>"
`;
